
63. Printing statistics.

=== user_proj_example ===

   Number of wires:                 36
   Number of wire bits:             57
   Number of public wires:          18
   Number of public wire bits:      39
   Number of memories:               0
   Number of memory bits:            0
   Number of processes:              0
   Number of cells:                 34
     core_flat_v4                    1
     sky130_fd_sc_hd__a21oi_2        2
     sky130_fd_sc_hd__a311o_2        1
     sky130_fd_sc_hd__a311oi_2       1
     sky130_fd_sc_hd__a31o_2         1
     sky130_fd_sc_hd__a41o_2         2
     sky130_fd_sc_hd__and2_2         1
     sky130_fd_sc_hd__and2b_2        3
     sky130_fd_sc_hd__and3_2         1
     sky130_fd_sc_hd__conb_1         9
     sky130_fd_sc_hd__dfxtp_2        5
     sky130_fd_sc_hd__inv_2          4
     sky130_fd_sc_hd__mux2_1         2
     sky130_fd_sc_hd__nand2b_2       1

   Area for cell type \core_flat_v4 is unknown!

   Chip area for module '\user_proj_example': 302.790400

